# A tibble: 3 × 6
  characteristic  before_2020   from_2020         chi2  p_value p_fmt 
  <chr>           <chr>         <chr>            <dbl>    <dbl> <chr> 
1 Cross-sectional 101/119 (85%) 357/422 (85%) 1.62e-29 1.000    1.00  
2 Observational   107/119 (90%) 388/422 (92%) 2.64e- 1 0.607    0.61  
3 Single-centre   99/119 (83%)  277/422 (66%) 1.27e+ 1 0.000370 <0.001
# A tibble: 4 × 2
  Domain                            n_scales
  <chr>                                <int>
1 Psychological Symptoms & Distress       10
2 Physical Health & Lifestyle              5
3 Psychological Resources                  3
4 Academic Environment                     2
# A tibble: 60 × 5
   section         item                                            n     N text 
   <chr>           <chr>                                       <dbl> <int> <chr>
 1 Characteristics "Included studies"                            541    NA 541  
 2 Characteristics "Total number of students"                 463855    NA 463,…
 3 Characteristics "Students per study, median [IQR]"            369    NA 369 …
 4 Characteristics "Countries/territories represented (UK na…     85    NA 85   
 5 Characteristics "  of which UN member/observer states"         83    NA 83   
 6 Characteristics "  of which territories (Hong Kong, Puert…      2    NA 2    
 7 Characteristics "UN member/observer states not represente…    112    NA 112  
 8 Characteristics "Continents represented"                        6    NA 6    
 9 Characteristics "Cross-sectional (longitudinal = 0)"          458   541 458/…
10 Characteristics "Longitudinal"                                 83   541 83/5…
11 Characteristics "Observational (interventional = 0)"          495   541 495/…
12 Characteristics "Interventional"                               46   541 46/5…
13 Characteristics "Single-centre (multicenter = 0)"             376   541 376/…
14 Characteristics "Multicentre"                                 165   541 165/…
15 Characteristics "Single-country (n_countries = 1)"            526   541 526/…
16 Characteristics "International (n_countries > 1)"              15   541 15/5…
17 Geography       "Top 5 country: China"                         56   541 56/5…
18 Geography       "Top 5 country: United States"                 55   541 55/5…
19 Geography       "Top 5 country: Saudi Arabia"                  35   541 35/5…
20 Geography       "Top 5 country: India"                         33   541 33/5…
21 Geography       "Top 5 country: Brazil"                        33   541 33/5…
22 Geography       "Five leading countries together"             212   541 212/…
23 Geography       "Remaining studies (all other countries a…    329   541 329/…
24 Geography       "Number of remaining countries/territorie…     80    NA 80   
25 Geography       "Continent (first listed country): Asia"      254   541 254/…
26 Geography       "Continent (first listed country): Europe"    107   541 107/…
27 Geography       "Continent (first listed country): North …     78   541 78/5…
28 Geography       "Continent (first listed country): South …     46   541 46/5…
29 Geography       "Continent (first listed country): Africa"     44   541 44/5…
30 Geography       "Continent (first listed country): Oceani…     12   541 12/5…
31 Temporal        "Published 1980-1999"                           4   541 4/54…
32 Temporal        "Published 2000-2019"                         115   541 115/…
33 Temporal        "Published from 2020 onwards"                 422   541 422/…
34 Temporal        "Conducted during the COVID-19 pandemic (…    131   541 131/…
35 Temporal        "First / last publication year"              1980    NA 1980…
36 Instruments     "Distinct instruments used in the include…    417    NA 417  
37 Instruments     "Instruments listed in the scale catalogu…    419    NA 419  
38 Instruments     "Items per study, median [IQR]"                35    NA 35 […
39 Instruments     "Items per study, range"                      306    NA 3-306
40 Instruments     "20 items or fewer"                           127   541 127/…
41 Instruments     "21 to 99 items"                              365   541 365/…
42 Instruments     "100 items or more"                            49   541 49/5…
43 Instruments     "1 instrument"                                132   541 132/…
44 Instruments     "2 instruments"                               134   541 134/…
45 Instruments     "3 instruments"                               140   541 140/…
46 Instruments     "4 to 6 instruments"                          116   541 116/…
47 Instruments     "7 or more instruments"                        19   541 19/5…
48 Instruments     "Instruments per study, median [IQR]"           3    NA 3 [2…
49 Instruments     "Top-20 scales in domain: Psychological S…     10    20 10/2…
50 Instruments     "Top-20 scales in domain: Physical Health…      5    20 5/20…
51 Instruments     "Top-20 scales in domain: Psychological R…      3    20 3/20…
52 Instruments     "Top-20 scales in domain: Academic Enviro…      2    20 2/20…
53 Equity          "Sex"                                         379   541 379/…
54 Equity          "Race or ethnicity"                            49   541 49/5…
55 Equity          "Socioeconomic status"                         63   541 63/5…
56 Equity          "Gender identity"                              15   541 15/5…
57 Equity          "Sexual orientation"                           15   541 15/5…
58 Equity          "Gender identity or sexual orientation"        21   541 21/5…
59 Equity          "No equity-related variable used"             144   541 144/…
60 Equity          "Two or more equity-related variables use…     99   541 99/5…
