# A tibble: 1 × 2
  scale_acronym     n
  <chr>         <int>
1 WGQ               1
# A tibble: 32 × 2
   Subdomain                                      Total_Count
   <chr>                                                <int>
 1 Depression                                             246
 2 Psychological distress & general mental health         171
 3 Anxiety                                                149
 4 Resilience, grit & psychological strengths             110
 5 Academic burnout & exhaustion                          102
 6 Sleep & fatigue                                         66
 7 General physical health & quality of life               50
 8 Coping styles & stress mindset                          45
 9 Substance use                                           39
10 Behavioral addictions                                   33
11 Personality traits & temperament                        31
12 Empathy & relational competencies                       25
13 Academic stress, workload & demands                     24
14 Mistreatment, harassment & discrimination               23
15 Perceived social support                                22
16 Self-esteem, identity & self-concept                    22
17 Learning climate & educational environment              21
18 Motivation, engagement & learning strategies            21
19 Physical activity & sedentary behaviour                 21
20 Trauma & post-traumatic symptoms                        20
21 Mood, affect & emotion regulation                       18
22 Spirituality, meaning & purpose                         15
23 Suicidality & self-harm                                 14
24 Diet, nutrition & eating behaviours                     13
25 Family functioning & socio-economic context             12
26 Belonging, loneliness & social integration              10
27 Perfectionism & impostor phenomenon                      8
28 Cognitive traits & learning dispositions                 7
29 Clinical learning environment                            6
30 Peer relationships & connectedness                       5
31 Sexual & reproductive health                             5
32 Institutional support, resources & policies              1
# A tibble: 5 × 3
  Domain                            Total_Count N_studies_distinct
  <chr>                                   <int>              <int>
1 Psychological Symptoms & Distress         618                420
2 Psychological Resources                   238                176
3 Physical Health & Lifestyle               227                182
4 Academic Environment                      198                167
5 Social Support                             74                 69
# A tibble: 37 × 5
   Domain                            Subdomain               n    pct manuscript
   <chr>                             <chr>               <int>  <dbl> <chr>     
 1 Academic Environment              (any subdomain - d…   167 30.9   167/541, …
 2 Academic Environment              Academic burnout &…   102 18.9   102/541, …
 3 Academic Environment              Academic stress, w…    24  4.44  24/541, 4%
 4 Academic Environment              Mistreatment, hara…    23  4.25  23/541, 4%
 5 Academic Environment              Learning climate &…    21  3.88  21/541, 4%
 6 Academic Environment              Motivation, engage…    21  3.88  21/541, 4%
 7 Academic Environment              Clinical learning …     6  1.11  6/541, 1% 
 8 Academic Environment              Institutional supp…     1  0.185 1/541, 0.…
 9 Physical Health & Lifestyle       (any subdomain - d…   182 33.6   182/541, …
10 Physical Health & Lifestyle       Sleep & fatigue        66 12.2   66/541, 1…
11 Physical Health & Lifestyle       General physical h…    50  9.24  50/541, 9%
12 Physical Health & Lifestyle       Substance use          39  7.21  39/541, 7%
13 Physical Health & Lifestyle       Behavioral addicti…    33  6.10  33/541, 6%
14 Physical Health & Lifestyle       Physical activity …    21  3.88  21/541, 4%
15 Physical Health & Lifestyle       Diet, nutrition & …    13  2.40  13/541, 2%
16 Physical Health & Lifestyle       Sexual & reproduct…     5  0.924 5/541, 0.…
17 Psychological Resources           (any subdomain - d…   176 32.5   176/541, …
18 Psychological Resources           Resilience, grit &…   110 20.3   110/541, …
19 Psychological Resources           Coping styles & st…    45  8.32  45/541, 8%
20 Psychological Resources           Personality traits…    31  5.73  31/541, 6%
21 Psychological Resources           Self-esteem, ident…    22  4.07  22/541, 4%
22 Psychological Resources           Spirituality, mean…    15  2.77  15/541, 3%
23 Psychological Resources           Perfectionism & im…     8  1.48  8/541, 1% 
24 Psychological Resources           Cognitive traits &…     7  1.29  7/541, 1% 
25 Psychological Symptoms & Distress (any subdomain - d…   420 77.6   420/541, …
26 Psychological Symptoms & Distress Depression            246 45.5   246/541, …
27 Psychological Symptoms & Distress Psychological dist…   171 31.6   171/541, …
28 Psychological Symptoms & Distress Anxiety               149 27.5   149/541, …
29 Psychological Symptoms & Distress Trauma & post-trau…    20  3.70  20/541, 4%
30 Psychological Symptoms & Distress Mood, affect & emo…    18  3.33  18/541, 3%
31 Psychological Symptoms & Distress Suicidality & self…    14  2.59  14/541, 3%
32 Social Support                    (any subdomain - d…    69 12.8   69/541, 1…
33 Social Support                    Empathy & relation…    25  4.62  25/541, 5%
34 Social Support                    Perceived social s…    22  4.07  22/541, 4%
35 Social Support                    Family functioning…    12  2.22  12/541, 2%
36 Social Support                    Belonging, lonelin…    10  1.85  10/541, 2%
37 Social Support                    Peer relationships…     5  0.924 5/541, 0.…
[1] 541
# A tibble: 1 × 2
  domains subdomains
  <chr>   <chr>     
1 2 [1-2] 2 [1-3]   
# A tibble: 1 × 3
  n_total single_domain   single_subdomain
    <int> <chr>           <chr>           
1     541 224/541 (41.4%) 147/541 (27.2%) 
# A tibble: 1 × 1
      n
  <int>
1   141
