
       Africa          Asia        Europe North America       Oceania 
           44           254           107            78            12 
South America 
           46 

             Academic Environment       Physical Health & Lifestyle 
                              217                               272 
          Psychological Resources Psychological Symptoms & Distress 
                              284                               668 
                   Social Support 
                               80 
# A tibble: 5 × 3
  domain                            p_value p_label     
  <chr>                               <dbl> <chr>       
1 Psychological Symptoms & Distress   0.143 "p = 0.143 "
2 Physical Health & Lifestyle         0.319 "p = 0.319 "
3 Academic Environment                0.782 "p = 0.782 "
4 Psychological Resources             0.289 "p = 0.289 "
5 Social Support                      0.920 "p = 0.92 " 
# A tibble: 46 × 4
    year n_studies pubmed_records studies_per_million_pubmed
   <dbl>     <int>          <dbl>                      <dbl>
 1  1980         1         280699                       3.56
 2  1981         0         283695                       0   
 3  1982         0         295825                       0   
 4  1983         0         309585                       0   
 5  1984         0         318317                       0   
 6  1985         0         335442                       0   
 7  1986         0         349819                       0   
 8  1987         0         368059                       0   
 9  1988         0         387105                       0   
10  1989         0         402906                       0   
11  1990         1         410999                       2.43
12  1991         1         413322                       2.42
13  1992         0         418129                       0   
14  1993         0         427788                       0   
15  1994         1         439242                       2.28
16  1995         0         449343                       0   
17  1996         0         458817                       0   
18  1997         0         456896                       0   
19  1998         0         474778                       0   
20  1999         0         493927                       0   
21  2000         0         532637                       0   
22  2001         1         547644                       1.83
23  2002         0         565486                       0   
24  2003         0         594602                       0   
25  2004         0         639789                       0   
26  2005         1         700540                       1.43
27  2006         3         750397                       4.00
28  2007         3         786776                       3.81
29  2008         3         837237                       3.58
30  2009         3         877683                       3.42
31  2010         8         942368                       8.49
32  2011         4        1020845                       3.92
33  2012         7        1090504                       6.42
34  2013         7        1150127                       6.09
35  2014         7        1205918                       5.80
36  2015         9        1258176                       7.15
37  2016        14        1285553                      10.9 
38  2017         9        1304375                       6.90
39  2018        15        1351709                      11.1 
40  2019        21        1418998                      14.8 
41  2020        47        1641213                      28.6 
42  2021        56        1787582                      31.3 
43  2022        92        1783557                      51.6 
44  2023        79        1697517                      46.5 
45  2024        75        1739986                      43.1 
46  2025        73        1881968                      38.8 
